https://www.iqiyi.com/
1. 李唐追查幺鸡下落,v_22epz7s120c.html
2. 李唐林彧接头,v_h5xjovl4po.html
3. 李唐找到幺鸡,v_111kssbejdo.html
4. 段迎九找到丁美兮,v_yuasnid68g.html
5. 李唐丁美兮装窃听器,v_ypgy1mcnig.html
6. 段迎九李唐碰面,v_18481aekczk.html
7. 丁美兮报复金世达,v_1yexcpkjmlk.html
8. 李唐烧幺鸡老房子,v_25nx3njihyk.html
9. 段迎九带人追捕林彧,v_13fyuv19cag.html
10. 丁晓禾看到李唐接头,v_dm4v6fzplg.html
11. 李唐帮丁美兮追本金,v_2bcta84i9zc.html
12. 李唐丁美兮联手设局,v_16rx9cr4lss.html
13. 李唐发现林彧心机重,v_umsfqyxuq8.html
14. 李唐服用引发心脏病药物,v_1kc96rtu69w.html
15. 李唐丁美兮假装吵架,v_1xauw19g8t4.html
16. 火传鲁纠缠丁美兮,v_1ir9t857pv4.html
17. 段迎九试探李唐丁美兮,v_2ds727dr13w.html
18. 李唐丁美兮决定离婚,v_1hn0p08585s.html
19. 李唐接到小婷,v_j6lsd4p0f4.html
20. 丁美兮李小满搬走,v_r5ngfvdfzg.html
21. 刘晓华约丁美兮见面,v_1jknpk5moro.html
22. 李唐向林彧要钱,v_25omk9fqh40.html
23. 李唐被人注射药物,v_dlvs5yeido.html
24. 丁美兮报警找李唐,v_1xx9yr660ns.html
25. 丁美兮终于见到李唐,v_1l675ldyg4k.html
26. 段迎九质问李唐丁美兮,v_q9dnpt68s4.html
27. 丁美兮带李小满逃亡,v_1d5rwqphgqc.html
28. 段迎九林彧再交锋,v_xkicyw7vhg.html
29. 丁美兮命悬一线,v_d4eizc8qlo.html
30. 朱慧黄海柳暗花明,v_j27w2uow4w.html
31. 李唐闯民宅蒙混过关,v_14p8zgsqab8.html
32. 段迎九逆用小婷,v_d6iye6sl8w.html
33. 李唐解开幺鸡密码,v_16z8iapnh8w.html
34. 李唐暴露诀别丁美兮,v_2fan4ebrcd8.html
35. 李唐涉嫌杀人被捕,v_b5j5oss1c8.html
36.  段迎九觉察案件蹊跷,v_20okt39y2ms.html
37. 厦州间谍被一网打尽,v_1z0u9kuh4g0.html
